// Jest Snapshot v1, https://goo.gl/fbAQLP

exports[`Info component renders successfully 1`] = `
<div>
  <div
    class="css-ihip4v"
  >
    <div>
      wins
    </div>
    <div>
      20
    </div>
  </div>
</div>
`;
